// Jest Snapshot v1, https://goo.gl/fbAQLP

exports[`<Checkbox /> should render with label 1`] = `
.c0 {
  display: -webkit-box;
  display: -webkit-flex;
  display: -ms-flexbox;
  display: flex;
  -webkit-align-items: center;
  -webkit-box-align: center;
  -ms-flex-align: center;
  align-items: center;
}

.c1 {
  cursor: pointer;
  display: -webkit-box;
  display: -webkit-flex;
  display: -ms-flexbox;
  display: flex;
  -webkit-align-items: center;
  -webkit-box-align: center;
  -ms-flex-align: center;
  align-items: center;
  -webkit-box-pack: center;
  -webkit-justify-content: center;
  -ms-flex-pack: center;
  justify-content: center;
  -webkit-appearance: none;
  -moz-appearance: none;
  appearance: none;
  width: 2rem;
  height: 2rem;
  border: 0.1rem solid #e8e8eb;
  border-radius: 0.4rem;
  -webkit-transition: background border 0.1s ease-in-out;
  transition: background border 0.1s ease-in-out;
  position: relative;
  outline: none;
  -webkit-flex-shrink: 0;
  -ms-flex-negative: 0;
  flex-shrink: 0;
}

.c1:before {
  content: '';
  width: 0.7rem;
  height: 1.1rem;
  border-radius: 0.1rem;
  border: 0.18rem solid #ffffff;
  border-top: 0;
  border-left: 0;
  -webkit-transform: rotate(45deg);
  -ms-transform: rotate(45deg);
  transform: rotate(45deg);
  position: absolute;
  top: 0.3rem;
  opacity: 0;
  -webkit-transition: 0.1s ease-in-out;
  transition: 0.1s ease-in-out;
}

.c1:focus {
  box-shadow: 0 0 0.5rem #615DC2;
}

.c1:hover {
  border-color: #807CE8;
  -webkit-transition: 0.1s ease-in-out;
  transition: 0.1s ease-in-out;
}

.c1:checked {
  border-color: #807CE8;
  background: #807CE8;
}

.c1:checked:before {
  opacity: 1;
}

.c2 {
  cursor: pointer;
  padding-left: 0.8rem;
  color: #ffffff;
  line-height: 1.8rem;
}

<div
  class="c0"
>
  <input
    class="c1"
    id="check"
    type="checkbox"
    value=""
  />
  <label
    class="c2"
    for="check"
  >
    checkbox label
  </label>
</div>
`
